// Jest Snapshot v1, https://goo.gl/fbAQLP

exports[`renders correctly 1`] = `
<div
  className="pop-up-wrapper"
>
  
  <div
    className="delete-movie-form"
  >
    <span
      className="delete-movie-form__close"
      onClick={[Function]}
      role="button"
    >
      âœ–
    </span>
    <h2>
      Delete Movie
    </h2>
    <div>
      Are you sure you want to delete this movie?
    </div>
    <button
      className="button"
      onClick={[Function]}
    >
      Delete
    </button>
  </div>
</div>
`;
